2026-07-01 16:45:06 | INFO     | camera | Loading model runs\detect\tool_detector\weights\best.pt on device: GPU 0 - NVIDIA GeForce GTX 1650 Ti (4.0 GB)
2026-07-01 16:45:06 | INFO     | camera | Model loaded. Classes: ['drill', 'hammer', 'pliers', 'screwdriver', 'wrench']
2026-07-01 16:45:09 | INFO     | camera | Camera 0 opened successfully. Confidence threshold = 0.45
2026-07-01 16:45:09 | INFO     | camera | Press 'q' to quit, '+'/'-' to adjust confidence, 's' to save a snapshot.
2026-07-01 16:49:50 | WARNING  | camera | Interrupted by user (Ctrl+C). Shutting down.
2026-07-01 16:49:51 | INFO     | camera | Camera released. Session ended.
2026-07-01 16:51:28 | INFO     | camera | Loading model runs\detect\tool_detector\weights\best.pt on device: GPU 0 - NVIDIA GeForce GTX 1650 Ti (4.0 GB)
2026-07-01 16:51:28 | INFO     | camera | Model loaded. Classes: ['drill', 'hammer', 'pliers', 'screwdriver', 'wrench']
2026-07-01 16:51:28 | ERROR    | camera | Could not open camera at index 2. Check the camera is connected, not in use by another application, and try a different --camera index.
2026-07-01 16:51:51 | INFO     | camera | Loading model runs\detect\tool_detector\weights\best.pt on device: GPU 0 - NVIDIA GeForce GTX 1650 Ti (4.0 GB)
2026-07-01 16:51:51 | INFO     | camera | Model loaded. Classes: ['drill', 'hammer', 'pliers', 'screwdriver', 'wrench']
2026-07-01 16:51:53 | INFO     | camera | Camera 1 opened successfully. Confidence threshold = 0.45
2026-07-01 16:51:53 | INFO     | camera | Press 'q' to quit, '+'/'-' to adjust confidence, 's' to save a snapshot.
2026-07-01 16:55:52 | WARNING  | camera | Interrupted by user (Ctrl+C). Shutting down.
2026-07-01 16:55:53 | INFO     | camera | Camera released. Session ended.
2026-07-02 14:38:41 | INFO     | camera | Loading model runs\detect\tool_detector\weights\best.pt on device: GPU 0 - NVIDIA GeForce GTX 1650 Ti (4.0 GB)
2026-07-02 14:38:42 | INFO     | camera | Model loaded. Classes: ['drill', 'hammer', 'pliers', 'screwdriver', 'wrench']
2026-07-02 14:38:47 | INFO     | camera | Camera 1 opened successfully. Confidence threshold = 0.4
2026-07-02 14:38:47 | INFO     | camera | Press 'q' to quit, '+'/'-' to adjust confidence, 's' to save a snapshot.
2026-07-02 14:39:09 | WARNING  | camera | Interrupted by user (Ctrl+C). Shutting down.
2026-07-02 14:39:09 | INFO     | camera | Camera released. Session ended.
2026-07-02 14:39:28 | INFO     | camera | Loading model runs\detect\tool_detector\weights\best.pt on device: GPU 0 - NVIDIA GeForce GTX 1650 Ti (4.0 GB)
2026-07-02 14:39:28 | INFO     | camera | Model loaded. Classes: ['drill', 'hammer', 'pliers', 'screwdriver', 'wrench']
2026-07-02 14:39:28 | ERROR    | camera | Could not open camera at index 2. Check the camera is connected, not in use by another application, and try a different --camera index.
2026-07-02 14:39:44 | INFO     | camera | Loading model runs\detect\tool_detector\weights\best.pt on device: GPU 0 - NVIDIA GeForce GTX 1650 Ti (4.0 GB)
2026-07-02 14:39:44 | INFO     | camera | Model loaded. Classes: ['drill', 'hammer', 'pliers', 'screwdriver', 'wrench']
2026-07-02 14:39:47 | INFO     | camera | Camera 0 opened successfully. Confidence threshold = 0.4
2026-07-02 14:39:47 | INFO     | camera | Press 'q' to quit, '+'/'-' to adjust confidence, 's' to save a snapshot.
2026-07-02 14:42:49 | INFO     | camera | Confidence threshold -> 0.35
2026-07-02 14:42:49 | INFO     | camera | Confidence threshold -> 0.30
2026-07-02 14:42:49 | INFO     | camera | Confidence threshold -> 0.25
2026-07-02 14:42:49 | INFO     | camera | Confidence threshold -> 0.20
2026-07-02 14:42:49 | INFO     | camera | Confidence threshold -> 0.15
2026-07-02 14:42:50 | INFO     | camera | Confidence threshold -> 0.10
2026-07-02 14:42:50 | INFO     | camera | Confidence threshold -> 0.05
2026-07-02 14:42:50 | INFO     | camera | Confidence threshold -> 0.05
2026-07-02 14:42:50 | INFO     | camera | Confidence threshold -> 0.05
2026-07-02 14:42:50 | INFO     | camera | Confidence threshold -> 0.05
2026-07-02 14:42:50 | INFO     | camera | Confidence threshold -> 0.05
2026-07-02 14:42:50 | INFO     | camera | Confidence threshold -> 0.05
2026-07-02 14:42:50 | INFO     | camera | Confidence threshold -> 0.05
2026-07-02 14:42:50 | INFO     | camera | Confidence threshold -> 0.05
2026-07-02 14:42:50 | INFO     | camera | Confidence threshold -> 0.05
2026-07-02 14:42:51 | INFO     | camera | Confidence threshold -> 0.05
2026-07-02 14:42:51 | INFO     | camera | Confidence threshold -> 0.05
2026-07-02 14:42:51 | INFO     | camera | Confidence threshold -> 0.05
2026-07-02 14:42:51 | INFO     | camera | Confidence threshold -> 0.05
2026-07-02 14:42:51 | INFO     | camera | Confidence threshold -> 0.05
2026-07-02 14:42:51 | INFO     | camera | Confidence threshold -> 0.05
2026-07-02 14:42:51 | INFO     | camera | Confidence threshold -> 0.05
2026-07-02 14:42:51 | INFO     | camera | Confidence threshold -> 0.05
2026-07-02 14:42:51 | INFO     | camera | Confidence threshold -> 0.05
2026-07-02 14:42:51 | INFO     | camera | Confidence threshold -> 0.05
2026-07-02 14:42:51 | INFO     | camera | Confidence threshold -> 0.05
2026-07-02 14:42:51 | INFO     | camera | Confidence threshold -> 0.05
2026-07-02 14:42:51 | INFO     | camera | Confidence threshold -> 0.05
2026-07-02 14:42:51 | INFO     | camera | Confidence threshold -> 0.05
2026-07-02 14:42:51 | INFO     | camera | Confidence threshold -> 0.05
2026-07-02 14:42:51 | INFO     | camera | Confidence threshold -> 0.05
2026-07-02 14:42:51 | INFO     | camera | Confidence threshold -> 0.05
2026-07-02 14:42:51 | INFO     | camera | Confidence threshold -> 0.05
2026-07-02 14:42:52 | INFO     | camera | Confidence threshold -> 0.05
2026-07-02 14:42:52 | INFO     | camera | Confidence threshold -> 0.05
2026-07-02 14:42:52 | INFO     | camera | Confidence threshold -> 0.05
2026-07-02 14:42:52 | INFO     | camera | Confidence threshold -> 0.05
2026-07-02 14:42:52 | INFO     | camera | Confidence threshold -> 0.05
2026-07-02 14:42:52 | INFO     | camera | Confidence threshold -> 0.05
2026-07-02 14:42:52 | INFO     | camera | Confidence threshold -> 0.05
2026-07-02 14:42:52 | INFO     | camera | Confidence threshold -> 0.05
2026-07-02 14:42:52 | INFO     | camera | Confidence threshold -> 0.05
2026-07-02 14:42:52 | INFO     | camera | Confidence threshold -> 0.05
2026-07-02 14:42:52 | INFO     | camera | Confidence threshold -> 0.05
2026-07-02 14:42:52 | INFO     | camera | Confidence threshold -> 0.05
2026-07-02 14:42:52 | INFO     | camera | Confidence threshold -> 0.05
2026-07-02 14:42:52 | INFO     | camera | Confidence threshold -> 0.05
2026-07-02 14:42:52 | INFO     | camera | Confidence threshold -> 0.05
2026-07-02 14:42:52 | INFO     | camera | Confidence threshold -> 0.05
2026-07-02 14:42:52 | INFO     | camera | Confidence threshold -> 0.05
2026-07-02 14:42:52 | INFO     | camera | Confidence threshold -> 0.05
2026-07-02 14:44:28 | WARNING  | camera | Interrupted by user (Ctrl+C). Shutting down.
2026-07-02 14:44:29 | INFO     | camera | Camera released. Session ended.
2026-07-02 14:44:54 | INFO     | camera | Loading model runs\detect\tool_detector\weights\best.pt on device: GPU 0 - NVIDIA GeForce GTX 1650 Ti (4.0 GB)
2026-07-02 14:44:55 | INFO     | camera | Model loaded. Classes: ['drill', 'hammer', 'pliers', 'screwdriver', 'wrench']
2026-07-02 14:44:57 | INFO     | camera | Camera 0 opened successfully. Confidence threshold = 0.5
2026-07-02 14:44:57 | INFO     | camera | Press 'q' to quit, '+'/'-' to adjust confidence, 's' to save a snapshot.
2026-07-02 14:45:24 | WARNING  | camera | Interrupted by user (Ctrl+C). Shutting down.
2026-07-02 14:45:24 | INFO     | camera | Camera released. Session ended.
2026-07-02 14:45:50 | INFO     | camera | Loading model runs\detect\tool_detector\weights\best.pt on device: GPU 0 - NVIDIA GeForce GTX 1650 Ti (4.0 GB)
2026-07-02 14:45:50 | INFO     | camera | Model loaded. Classes: ['drill', 'hammer', 'pliers', 'screwdriver', 'wrench']
2026-07-02 14:45:53 | INFO     | camera | Camera 0 opened successfully. Confidence threshold = 0.8
2026-07-02 14:45:53 | INFO     | camera | Press 'q' to quit, '+'/'-' to adjust confidence, 's' to save a snapshot.
2026-07-02 14:46:35 | WARNING  | camera | Interrupted by user (Ctrl+C). Shutting down.
2026-07-02 14:46:36 | INFO     | camera | Camera released. Session ended.
2026-07-02 14:46:54 | INFO     | camera | Loading model runs\detect\tool_detector\weights\best.pt on device: GPU 0 - NVIDIA GeForce GTX 1650 Ti (4.0 GB)
2026-07-02 14:46:54 | INFO     | camera | Model loaded. Classes: ['drill', 'hammer', 'pliers', 'screwdriver', 'wrench']
2026-07-02 14:46:57 | INFO     | camera | Camera 0 opened successfully. Confidence threshold = 0.7
2026-07-02 14:46:57 | INFO     | camera | Press 'q' to quit, '+'/'-' to adjust confidence, 's' to save a snapshot.
2026-07-02 14:47:29 | WARNING  | camera | Interrupted by user (Ctrl+C). Shutting down.
2026-07-02 14:47:29 | INFO     | camera | Camera released. Session ended.
2026-07-02 14:47:53 | INFO     | camera | Loading model runs\detect\tool_detector\weights\best.pt on device: GPU 0 - NVIDIA GeForce GTX 1650 Ti (4.0 GB)
2026-07-02 14:47:53 | INFO     | camera | Model loaded. Classes: ['drill', 'hammer', 'pliers', 'screwdriver', 'wrench']
2026-07-02 14:47:56 | INFO     | camera | Camera 0 opened successfully. Confidence threshold = 0.65
2026-07-02 14:47:56 | INFO     | camera | Press 'q' to quit, '+'/'-' to adjust confidence, 's' to save a snapshot.
2026-07-02 14:48:32 | WARNING  | camera | Interrupted by user (Ctrl+C). Shutting down.
2026-07-02 14:48:32 | INFO     | camera | Camera released. Session ended.
2026-07-02 14:48:44 | INFO     | camera | Loading model runs\detect\tool_detector\weights\best.pt on device: GPU 0 - NVIDIA GeForce GTX 1650 Ti (4.0 GB)
2026-07-02 14:48:45 | INFO     | camera | Model loaded. Classes: ['drill', 'hammer', 'pliers', 'screwdriver', 'wrench']
2026-07-02 14:48:47 | INFO     | camera | Camera 0 opened successfully. Confidence threshold = 0.6
2026-07-02 14:48:47 | INFO     | camera | Press 'q' to quit, '+'/'-' to adjust confidence, 's' to save a snapshot.
2026-07-02 14:50:30 | WARNING  | camera | Interrupted by user (Ctrl+C). Shutting down.
2026-07-02 14:50:31 | INFO     | camera | Camera released. Session ended.
2026-07-02 14:50:44 | INFO     | camera | Loading model runs\detect\tool_detector\weights\best.pt on device: GPU 0 - NVIDIA GeForce GTX 1650 Ti (4.0 GB)
2026-07-02 14:50:44 | INFO     | camera | Model loaded. Classes: ['drill', 'hammer', 'pliers', 'screwdriver', 'wrench']
2026-07-02 14:50:47 | INFO     | camera | Camera 0 opened successfully. Confidence threshold = 0.5
2026-07-02 14:50:47 | INFO     | camera | Press 'q' to quit, '+'/'-' to adjust confidence, 's' to save a snapshot.
2026-07-02 14:53:47 | INFO     | camera | Saved snapshot to D:\final year project\inmoov_tool_detector\reports\snapshots\frame_1782984227.jpg
2026-07-02 14:53:48 | INFO     | camera | Saved snapshot to D:\final year project\inmoov_tool_detector\reports\snapshots\frame_1782984228.jpg
2026-07-02 14:53:49 | INFO     | camera | Saved snapshot to D:\final year project\inmoov_tool_detector\reports\snapshots\frame_1782984229.jpg
2026-07-02 14:53:49 | INFO     | camera | Saved snapshot to D:\final year project\inmoov_tool_detector\reports\snapshots\frame_1782984229.jpg
2026-07-02 14:53:49 | INFO     | camera | Saved snapshot to D:\final year project\inmoov_tool_detector\reports\snapshots\frame_1782984229.jpg
2026-07-02 14:53:49 | INFO     | camera | Saved snapshot to D:\final year project\inmoov_tool_detector\reports\snapshots\frame_1782984229.jpg
2026-07-02 14:53:51 | INFO     | camera | Saved snapshot to D:\final year project\inmoov_tool_detector\reports\snapshots\frame_1782984231.jpg
2026-07-02 14:54:33 | INFO     | camera | Confidence threshold -> 0.55
2026-07-02 14:54:39 | INFO     | camera | Confidence threshold -> 0.60
2026-07-02 14:55:03 | INFO     | camera | Confidence threshold -> 0.65
2026-07-02 14:55:18 | INFO     | camera | Confidence threshold -> 0.60
2026-07-02 14:55:19 | INFO     | camera | Confidence threshold -> 0.55
2026-07-02 14:55:20 | INFO     | camera | Confidence threshold -> 0.50
2026-07-02 14:55:21 | INFO     | camera | Confidence threshold -> 0.45
2026-07-02 14:55:21 | INFO     | camera | Confidence threshold -> 0.40
2026-07-02 14:55:22 | INFO     | camera | Confidence threshold -> 0.35
2026-07-02 14:55:23 | INFO     | camera | Confidence threshold -> 0.30
2026-07-02 14:55:28 | INFO     | camera | Confidence threshold -> 0.35
2026-07-02 14:55:29 | INFO     | camera | Confidence threshold -> 0.40
2026-07-02 14:55:29 | INFO     | camera | Confidence threshold -> 0.45
2026-07-02 14:55:31 | INFO     | camera | Confidence threshold -> 0.50
2026-07-02 14:55:32 | INFO     | camera | Confidence threshold -> 0.55
2026-07-02 14:55:34 | INFO     | camera | Confidence threshold -> 0.60
2026-07-02 14:55:36 | INFO     | camera | Confidence threshold -> 0.65
2026-07-02 14:55:55 | INFO     | camera | Confidence threshold -> 0.70
2026-07-02 14:55:56 | INFO     | camera | Confidence threshold -> 0.75
2026-07-02 14:55:58 | INFO     | camera | Confidence threshold -> 0.70
2026-07-02 14:55:59 | INFO     | camera | Confidence threshold -> 0.65
2026-07-02 14:56:00 | INFO     | camera | Confidence threshold -> 0.60
2026-07-02 14:56:02 | INFO     | camera | Confidence threshold -> 0.55
2026-07-02 14:56:17 | INFO     | camera | Confidence threshold -> 0.50
2026-07-02 14:56:18 | INFO     | camera | Confidence threshold -> 0.45
2026-07-02 14:56:19 | INFO     | camera | Confidence threshold -> 0.40
2026-07-02 14:56:20 | INFO     | camera | Confidence threshold -> 0.35
2026-07-02 14:56:21 | INFO     | camera | Confidence threshold -> 0.30
2026-07-02 14:58:15 | INFO     | camera | Confidence threshold -> 0.35
2026-07-02 14:58:16 | INFO     | camera | Confidence threshold -> 0.40
2026-07-02 14:58:24 | INFO     | camera | Confidence threshold -> 0.45
2026-07-02 14:58:25 | INFO     | camera | Confidence threshold -> 0.50
2026-07-02 14:58:29 | INFO     | camera | Confidence threshold -> 0.55
2026-07-02 14:58:31 | INFO     | camera | Confidence threshold -> 0.50
2026-07-02 14:58:34 | INFO     | camera | Confidence threshold -> 0.45
2026-07-02 14:58:38 | INFO     | camera | Confidence threshold -> 0.40
2026-07-02 14:58:39 | INFO     | camera | Confidence threshold -> 0.35
2026-07-02 14:58:39 | INFO     | camera | Confidence threshold -> 0.30
2026-07-02 14:58:40 | INFO     | camera | Confidence threshold -> 0.25
2026-07-02 14:58:40 | INFO     | camera | Confidence threshold -> 0.20
2026-07-02 14:58:41 | INFO     | camera | Confidence threshold -> 0.15
2026-07-02 14:58:43 | INFO     | camera | Confidence threshold -> 0.10
2026-07-02 14:58:47 | INFO     | camera | Confidence threshold -> 0.05
2026-07-02 14:58:49 | INFO     | camera | Confidence threshold -> 0.10
2026-07-02 14:58:50 | INFO     | camera | Confidence threshold -> 0.15
2026-07-02 14:58:50 | INFO     | camera | Confidence threshold -> 0.20
2026-07-02 14:58:50 | INFO     | camera | Confidence threshold -> 0.25
2026-07-02 14:58:50 | INFO     | camera | Confidence threshold -> 0.30
2026-07-02 14:58:51 | INFO     | camera | Confidence threshold -> 0.35
2026-07-02 14:58:51 | INFO     | camera | Confidence threshold -> 0.40
2026-07-02 14:58:53 | INFO     | camera | Confidence threshold -> 0.45
2026-07-02 14:59:01 | INFO     | camera | Saved snapshot to D:\final year project\inmoov_tool_detector\reports\snapshots\frame_1782984541.jpg
2026-07-02 14:59:07 | WARNING  | camera | Interrupted by user (Ctrl+C). Shutting down.
2026-07-02 14:59:07 | INFO     | camera | Camera released. Session ended.
2026-07-02 15:19:49 | INFO     | camera | Loading model runs\detect\tool_detector\weights\best.pt on device: GPU 0 - NVIDIA GeForce GTX 1650 Ti (4.0 GB)
2026-07-02 15:19:49 | INFO     | camera | Model loaded. Classes: ['drill', 'hammer', 'pliers', 'screwdriver', 'wrench']
2026-07-02 15:19:51 | INFO     | camera | Camera 0 opened successfully. Confidence threshold = 0.5
2026-07-02 15:19:51 | INFO     | camera | Press 'q' to quit, '+'/'-' to adjust confidence, 's' to save a snapshot.
2026-07-02 15:23:05 | WARNING  | camera | Interrupted by user (Ctrl+C). Shutting down.
2026-07-02 15:23:06 | INFO     | camera | Camera released. Session ended.
