2026-07-01 12:23:31 | INFO     | training | ======================================================================
2026-07-01 12:23:31 | INFO     | training | Starting training run
2026-07-01 12:23:31 | INFO     | training | ======================================================================
2026-07-01 12:23:31 | INFO     | training | Running dataset validation before training...
2026-07-01 12:23:31 | INFO     | training | Dataset validation passed.
2026-07-01 12:23:31 | INFO     | training | Using device: CPU
2026-07-01 12:23:36 | INFO     | training | Loading pretrained weights: yolo11n.pt
2026-07-01 12:23:37 | INFO     | training | Training config: {'data': 'D:\\final year project\\inmoov_tool_detector\\dataset\\data.yaml', 'epochs': 150, 'batch': 16, 'imgsz': 640, 'optimizer': 'AdamW', 'lr0': 0.001, 'lrf': 0.01, 'momentum': 0.937, 'weight_decay': 0.0005, 'warmup_epochs': 3.0, 'patience': 25, 'device': 'cpu', 'workers': 8, 'project': 'D:\\final year project\\inmoov_tool_detector\\runs\\detect', 'name': 'tool_detector', 'seed': 42, 'resume': False, 'exist_ok': True, 'plots': True, 'augment': True, 'hsv_h': 0.015, 'hsv_s': 0.7, 'hsv_v': 0.4, 'degrees': 5.0, 'translate': 0.1, 'scale': 0.5, 'shear': 0.0, 'flipud': 0.0, 'fliplr': 0.5, 'mosaic': 1.0, 'mixup': 0.1}
2026-07-01 12:30:05 | WARNING  | training | Training interrupted by user (Ctrl+C). Partial checkpoints saved under runs/.
2026-07-01 12:57:25 | INFO     | training | ======================================================================
2026-07-01 12:57:25 | INFO     | training | Starting training run
2026-07-01 12:57:25 | INFO     | training | ======================================================================
2026-07-01 12:57:25 | INFO     | training | Running dataset validation before training...
2026-07-01 12:57:25 | INFO     | training | Dataset validation passed.
2026-07-01 12:57:25 | INFO     | training | Using device: GPU 0 - NVIDIA GeForce GTX 1650 Ti (4.0 GB)
2026-07-01 12:57:26 | INFO     | training | Loading pretrained weights: yolo11n.pt
2026-07-01 12:57:26 | INFO     | training | Training config: {'data': 'D:\\final year project\\inmoov_tool_detector\\dataset\\data.yaml', 'epochs': 150, 'batch': 16, 'imgsz': 640, 'optimizer': 'AdamW', 'lr0': 0.001, 'lrf': 0.01, 'momentum': 0.937, 'weight_decay': 0.0005, 'warmup_epochs': 3.0, 'patience': 25, 'device': '0', 'workers': 8, 'project': 'D:\\final year project\\inmoov_tool_detector\\runs\\detect', 'name': 'tool_detector', 'seed': 42, 'resume': False, 'exist_ok': True, 'plots': True, 'augment': True, 'hsv_h': 0.015, 'hsv_s': 0.7, 'hsv_v': 0.4, 'degrees': 5.0, 'translate': 0.1, 'scale': 0.5, 'shear': 0.0, 'flipud': 0.0, 'fliplr': 0.5, 'mosaic': 1.0, 'mixup': 0.1}
2026-07-01 13:02:19 | INFO     | training | ======================================================================
2026-07-01 13:02:19 | INFO     | training | Starting training run
2026-07-01 13:02:19 | INFO     | training | ======================================================================
2026-07-01 13:02:19 | INFO     | training | Running dataset validation before training...
2026-07-01 13:02:19 | INFO     | training | Dataset validation passed.
2026-07-01 13:02:19 | INFO     | training | Using device: GPU 0 - NVIDIA GeForce GTX 1650 Ti (4.0 GB)
2026-07-01 13:02:20 | INFO     | training | Loading pretrained weights: yolo11n.pt
2026-07-01 13:02:20 | INFO     | training | Training config: {'data': 'D:\\final year project\\inmoov_tool_detector\\dataset\\data.yaml', 'epochs': 150, 'batch': 8, 'imgsz': 640, 'optimizer': 'AdamW', 'lr0': 0.001, 'lrf': 0.01, 'momentum': 0.937, 'weight_decay': 0.0005, 'warmup_epochs': 3.0, 'patience': 25, 'device': '0', 'workers': 8, 'project': 'D:\\final year project\\inmoov_tool_detector\\runs\\detect', 'name': 'tool_detector', 'seed': 42, 'resume': False, 'exist_ok': True, 'plots': True, 'augment': True, 'hsv_h': 0.015, 'hsv_s': 0.7, 'hsv_v': 0.4, 'degrees': 5.0, 'translate': 0.1, 'scale': 0.5, 'shear': 0.0, 'flipud': 0.0, 'fliplr': 0.5, 'mosaic': 1.0, 'mixup': 0.1}
2026-07-01 13:03:03 | INFO     | training | ======================================================================
2026-07-01 13:03:03 | INFO     | training | Starting training run
2026-07-01 13:03:03 | INFO     | training | ======================================================================
2026-07-01 13:03:03 | INFO     | training | Running dataset validation before training...
2026-07-01 13:03:03 | INFO     | training | Dataset validation passed.
2026-07-01 13:03:03 | INFO     | training | Using device: GPU 0 - NVIDIA GeForce GTX 1650 Ti (4.0 GB)
2026-07-01 13:03:04 | INFO     | training | Loading pretrained weights: yolo11n.pt
2026-07-01 13:03:04 | INFO     | training | Training config: {'data': 'D:\\final year project\\inmoov_tool_detector\\dataset\\data.yaml', 'epochs': 150, 'batch': 4, 'imgsz': 640, 'optimizer': 'AdamW', 'lr0': 0.001, 'lrf': 0.01, 'momentum': 0.937, 'weight_decay': 0.0005, 'warmup_epochs': 3.0, 'patience': 25, 'device': '0', 'workers': 8, 'project': 'D:\\final year project\\inmoov_tool_detector\\runs\\detect', 'name': 'tool_detector', 'seed': 42, 'resume': False, 'exist_ok': True, 'plots': True, 'augment': True, 'hsv_h': 0.015, 'hsv_s': 0.7, 'hsv_v': 0.4, 'degrees': 5.0, 'translate': 0.1, 'scale': 0.5, 'shear': 0.0, 'flipud': 0.0, 'fliplr': 0.5, 'mosaic': 1.0, 'mixup': 0.1}
2026-07-01 13:10:08 | INFO     | training | ======================================================================
2026-07-01 13:10:08 | INFO     | training | Starting training run
2026-07-01 13:10:08 | INFO     | training | ======================================================================
2026-07-01 13:10:08 | INFO     | training | Running dataset validation before training...
2026-07-01 13:10:08 | INFO     | training | Dataset validation passed.
2026-07-01 13:10:08 | INFO     | training | Using device: GPU 0 - NVIDIA GeForce GTX 1650 Ti (4.0 GB)
2026-07-01 13:10:09 | INFO     | training | Loading pretrained weights: yolo11n.pt
2026-07-01 13:10:09 | INFO     | training | Training config: {'data': 'D:\\final year project\\inmoov_tool_detector\\dataset\\data.yaml', 'epochs': 150, 'batch': 8, 'imgsz': 640, 'optimizer': 'AdamW', 'lr0': 0.001, 'lrf': 0.01, 'momentum': 0.937, 'weight_decay': 0.0005, 'warmup_epochs': 3.0, 'patience': 25, 'device': '0', 'workers': 2, 'project': 'D:\\final year project\\inmoov_tool_detector\\runs\\detect', 'name': 'tool_detector', 'seed': 42, 'resume': False, 'exist_ok': True, 'plots': True, 'augment': True, 'hsv_h': 0.015, 'hsv_s': 0.7, 'hsv_v': 0.4, 'degrees': 5.0, 'translate': 0.1, 'scale': 0.5, 'shear': 0.0, 'flipud': 0.0, 'fliplr': 0.5, 'mosaic': 1.0, 'mixup': 0.1}
2026-07-01 16:17:49 | WARNING  | training | Training interrupted by user (Ctrl+C). Partial checkpoints saved under runs/.
2026-07-01 17:00:49 | INFO     | training | ======================================================================
2026-07-01 17:00:49 | INFO     | training | Starting training run
2026-07-01 17:00:49 | INFO     | training | ======================================================================
2026-07-01 17:00:49 | INFO     | training | Running dataset validation before training...
2026-07-01 17:00:49 | INFO     | training | Dataset validation passed.
2026-07-01 17:00:49 | INFO     | training | Using device: GPU 0 - NVIDIA GeForce GTX 1650 Ti (4.0 GB)
2026-07-01 17:00:49 | INFO     | training | Loading pretrained weights: yolo11n.pt
2026-07-01 17:00:49 | INFO     | training | Training config: {'data': 'D:\\final year project\\inmoov_tool_detector\\dataset\\data.yaml', 'epochs': 150, 'batch': 16, 'imgsz': 640, 'optimizer': 'AdamW', 'lr0': 0.001, 'lrf': 0.01, 'momentum': 0.937, 'weight_decay': 0.0005, 'warmup_epochs': 3.0, 'patience': 25, 'device': '0', 'workers': 2, 'project': 'D:\\final year project\\inmoov_tool_detector\\runs\\detect', 'name': 'tool_detector', 'seed': 42, 'resume': True, 'exist_ok': True, 'plots': True, 'augment': True, 'hsv_h': 0.015, 'hsv_s': 0.7, 'hsv_v': 0.4, 'degrees': 5.0, 'translate': 0.1, 'scale': 0.5, 'shear': 0.0, 'flipud': 0.0, 'fliplr': 0.5, 'mosaic': 1.0, 'mixup': 0.1}
2026-07-01 17:00:53 | ERROR    | training | Training failed: [WinError 32] The process cannot access the file because it is being used by another process: 'D:\\final year project\\inmoov_tool_detector\\runs\\detect\\tool_detector\\results.csv'
Traceback (most recent call last):
  File "D:\final year project\inmoov_tool_detector\train.py", line 129, in main
    results = model.train(**train_kwargs)
  File "C:\Users\hp\AppData\Local\Programs\Python\Python313\Lib\site-packages\ultralytics\engine\model.py", line 805, in train
    self.trainer = (trainer or self._smart_load("trainer"))(overrides=args, _callbacks=self.callbacks)
                   ~~~~~~~~~~~~~~~~~~~~~~~~~~~~~~~~~~~~~~~~^^^^^^^^^^^^^^^^^^^^^^^^^^^^^^^^^^^^^^^^^^^
  File "C:\Users\hp\AppData\Local\Programs\Python\Python313\Lib\site-packages\ultralytics\models\yolo\detect\train.py", line 63, in __init__
    super().__init__(cfg, overrides, _callbacks)
    ~~~~~~~~~~~~~~~~^^^^^^^^^^^^^^^^^^^^^^^^^^^^
  File "C:\Users\hp\AppData\Local\Programs\Python\Python313\Lib\site-packages\ultralytics\engine\trainer.py", line 203, in __init__
    self.csv.unlink()
    ~~~~~~~~~~~~~~~^^
  File "C:\Users\hp\AppData\Local\Programs\Python\Python313\Lib\pathlib\_local.py", line 746, in unlink
    os.unlink(self)
    ~~~~~~~~~^^^^^^
PermissionError: [WinError 32] The process cannot access the file because it is being used by another process: 'D:\\final year project\\inmoov_tool_detector\\runs\\detect\\tool_detector\\results.csv'
2026-07-01 17:01:17 | INFO     | training | ======================================================================
2026-07-01 17:01:17 | INFO     | training | Starting training run
2026-07-01 17:01:17 | INFO     | training | ======================================================================
2026-07-01 17:01:17 | INFO     | training | Running dataset validation before training...
2026-07-01 17:01:17 | INFO     | training | Dataset validation passed.
2026-07-01 17:01:17 | INFO     | training | Using device: GPU 0 - NVIDIA GeForce GTX 1650 Ti (4.0 GB)
2026-07-01 17:01:18 | INFO     | training | Loading pretrained weights: yolo11n.pt
2026-07-01 17:01:18 | INFO     | training | Training config: {'data': 'D:\\final year project\\inmoov_tool_detector\\dataset\\data.yaml', 'epochs': 150, 'batch': 16, 'imgsz': 640, 'optimizer': 'AdamW', 'lr0': 0.001, 'lrf': 0.01, 'momentum': 0.937, 'weight_decay': 0.0005, 'warmup_epochs': 3.0, 'patience': 25, 'device': '0', 'workers': 2, 'project': 'D:\\final year project\\inmoov_tool_detector\\runs\\detect', 'name': 'tool_detector', 'seed': 42, 'resume': True, 'exist_ok': True, 'plots': True, 'augment': True, 'hsv_h': 0.015, 'hsv_s': 0.7, 'hsv_v': 0.4, 'degrees': 5.0, 'translate': 0.1, 'scale': 0.5, 'shear': 0.0, 'flipud': 0.0, 'fliplr': 0.5, 'mosaic': 1.0, 'mixup': 0.1}
2026-07-01 17:03:09 | WARNING  | training | Training interrupted by user (Ctrl+C). Partial checkpoints saved under runs/.
2026-07-01 17:03:47 | INFO     | training | ======================================================================
2026-07-01 17:03:47 | INFO     | training | Starting training run
2026-07-01 17:03:47 | INFO     | training | ======================================================================
2026-07-01 17:03:47 | INFO     | training | Running dataset validation before training...
2026-07-01 17:03:47 | INFO     | training | Dataset validation passed.
2026-07-01 17:03:47 | INFO     | training | Using device: GPU 0 - NVIDIA GeForce GTX 1650 Ti (4.0 GB)
2026-07-01 17:03:48 | INFO     | training | Loading pretrained weights: yolo11n.pt
2026-07-01 17:03:48 | INFO     | training | Training config: {'data': 'D:\\final year project\\inmoov_tool_detector\\dataset\\data.yaml', 'epochs': 150, 'batch': 16, 'imgsz': 640, 'optimizer': 'AdamW', 'lr0': 0.001, 'lrf': 0.01, 'momentum': 0.937, 'weight_decay': 0.0005, 'warmup_epochs': 3.0, 'patience': 25, 'device': '0', 'workers': 2, 'project': 'D:\\final year project\\inmoov_tool_detector\\runs\\detect', 'name': 'tool_detector', 'seed': 42, 'resume': True, 'exist_ok': True, 'plots': True, 'augment': True, 'hsv_h': 0.015, 'hsv_s': 0.7, 'hsv_v': 0.4, 'degrees': 5.0, 'translate': 0.1, 'scale': 0.5, 'shear': 0.0, 'flipud': 0.0, 'fliplr': 0.5, 'mosaic': 1.0, 'mixup': 0.1}
2026-07-01 17:04:33 | WARNING  | training | Training interrupted by user (Ctrl+C). Partial checkpoints saved under runs/.
2026-07-01 17:09:13 | INFO     | training | ======================================================================
2026-07-01 17:09:13 | INFO     | training | Starting training run
2026-07-01 17:09:13 | INFO     | training | ======================================================================
2026-07-01 17:09:13 | INFO     | training | Running dataset validation before training...
2026-07-01 17:09:13 | INFO     | training | Dataset validation passed.
2026-07-01 17:09:13 | INFO     | training | Using device: GPU 0 - NVIDIA GeForce GTX 1650 Ti (4.0 GB)
2026-07-01 17:09:14 | INFO     | training | Resuming training from checkpoint: D:\final year project\inmoov_tool_detector\runs\detect\tool_detector\weights\last.pt
2026-07-01 17:09:14 | INFO     | training | Training config: {'data': 'D:\\final year project\\inmoov_tool_detector\\dataset\\data.yaml', 'epochs': 150, 'batch': 16, 'imgsz': 640, 'optimizer': 'AdamW', 'lr0': 0.001, 'lrf': 0.01, 'momentum': 0.937, 'weight_decay': 0.0005, 'warmup_epochs': 3.0, 'patience': 25, 'device': '0', 'workers': 2, 'project': 'D:\\final year project\\inmoov_tool_detector\\runs\\detect', 'name': 'tool_detector', 'seed': 42, 'resume': True, 'exist_ok': True, 'plots': True, 'augment': True, 'hsv_h': 0.015, 'hsv_s': 0.7, 'hsv_v': 0.4, 'degrees': 5.0, 'translate': 0.1, 'scale': 0.5, 'shear': 0.0, 'flipud': 0.0, 'fliplr': 0.5, 'mosaic': 1.0, 'mixup': 0.1}
2026-07-01 20:42:06 | ERROR    | training | Training failed: CUDA error: out of memory
Search for `cudaErrorMemoryAllocation' in https://docs.nvidia.com/cuda/cuda-runtime-api/group__CUDART__TYPES.html for more information.
CUDA kernel errors might be asynchronously reported at some other API call, so the stacktrace below might be incorrect.
For debugging consider passing CUDA_LAUNCH_BLOCKING=1
Compile with `TORCH_USE_CUDA_DSA` to enable device-side assertions.
Traceback (most recent call last):
  File "D:\final year project\inmoov_tool_detector\train_resume_fixed.py", line 138, in main
    results = model.train(**train_kwargs)
  File "C:\Users\hp\AppData\Local\Programs\Python\Python313\Lib\site-packages\ultralytics\engine\model.py", line 814, in train
    self.trainer.train()
    ~~~~~~~~~~~~~~~~~~^^
  File "C:\Users\hp\AppData\Local\Programs\Python\Python313\Lib\site-packages\ultralytics\engine\trainer.py", line 247, in train
    self._do_train()
    ~~~~~~~~~~~~~~^^
  File "C:\Users\hp\AppData\Local\Programs\Python\Python313\Lib\site-packages\ultralytics\engine\trainer.py", line 464, in _do_train
    loss, self.loss_items = self.model(batch)
                            ~~~~~~~~~~^^^^^^^
  File "C:\Users\hp\AppData\Local\Programs\Python\Python313\Lib\site-packages\torch\nn\modules\module.py", line 1779, in _wrapped_call_impl
    return self._call_impl(*args, **kwargs)
           ~~~~~~~~~~~~~~~^^^^^^^^^^^^^^^^^
  File "C:\Users\hp\AppData\Local\Programs\Python\Python313\Lib\site-packages\torch\nn\modules\module.py", line 1790, in _call_impl
    return forward_call(*args, **kwargs)
  File "C:\Users\hp\AppData\Local\Programs\Python\Python313\Lib\site-packages\ultralytics\nn\tasks.py", line 153, in forward
    return self.loss(x, *args, **kwargs)
           ~~~~~~~~~^^^^^^^^^^^^^^^^^^^^
  File "C:\Users\hp\AppData\Local\Programs\Python\Python313\Lib\site-packages\ultralytics\nn\tasks.py", line 346, in loss
    preds = self.forward(batch["img"])
  File "C:\Users\hp\AppData\Local\Programs\Python\Python313\Lib\site-packages\ultralytics\nn\tasks.py", line 154, in forward
    return self.predict(x, *args, **kwargs)
           ~~~~~~~~~~~~^^^^^^^^^^^^^^^^^^^^
  File "C:\Users\hp\AppData\Local\Programs\Python\Python313\Lib\site-packages\ultralytics\nn\tasks.py", line 171, in predict
    return self._predict_once(x, profile, visualize, embed)
           ~~~~~~~~~~~~~~~~~~^^^^^^^^^^^^^^^^^^^^^^^^^^^^^^
  File "C:\Users\hp\AppData\Local\Programs\Python\Python313\Lib\site-packages\ultralytics\nn\tasks.py", line 193, in _predict_once
    x = m(x)  # run
  File "C:\Users\hp\AppData\Local\Programs\Python\Python313\Lib\site-packages\torch\nn\modules\module.py", line 1779, in _wrapped_call_impl
    return self._call_impl(*args, **kwargs)
           ~~~~~~~~~~~~~~~^^^^^^^^^^^^^^^^^
  File "C:\Users\hp\AppData\Local\Programs\Python\Python313\Lib\site-packages\torch\nn\modules\module.py", line 1790, in _call_impl
    return forward_call(*args, **kwargs)
  File "C:\Users\hp\AppData\Local\Programs\Python\Python313\Lib\site-packages\ultralytics\nn\modules\head.py", line 161, in forward
    preds = self.forward_head(x, **self.one2many)
  File "C:\Users\hp\AppData\Local\Programs\Python\Python313\Lib\site-packages\ultralytics\nn\modules\head.py", line 153, in forward_head
    boxes = torch.cat([box_head[i](x[i]).view(bs, 4 * self.reg_max, -1) for i in range(self.nl)], dim=-1)
                       ~~~~~~~~~~~^^^^^^
  File "C:\Users\hp\AppData\Local\Programs\Python\Python313\Lib\site-packages\torch\nn\modules\module.py", line 1779, in _wrapped_call_impl
    return self._call_impl(*args, **kwargs)
           ~~~~~~~~~~~~~~~^^^^^^^^^^^^^^^^^
  File "C:\Users\hp\AppData\Local\Programs\Python\Python313\Lib\site-packages\torch\nn\modules\module.py", line 1790, in _call_impl
    return forward_call(*args, **kwargs)
  File "C:\Users\hp\AppData\Local\Programs\Python\Python313\Lib\site-packages\torch\nn\modules\container.py", line 253, in forward
    input = module(input)
  File "C:\Users\hp\AppData\Local\Programs\Python\Python313\Lib\site-packages\torch\nn\modules\module.py", line 1779, in _wrapped_call_impl
    return self._call_impl(*args, **kwargs)
           ~~~~~~~~~~~~~~~^^^^^^^^^^^^^^^^^
  File "C:\Users\hp\AppData\Local\Programs\Python\Python313\Lib\site-packages\torch\nn\modules\module.py", line 1790, in _call_impl
    return forward_call(*args, **kwargs)
  File "C:\Users\hp\AppData\Local\Programs\Python\Python313\Lib\site-packages\ultralytics\nn\modules\conv.py", line 78, in forward
    return self.act(self.bn(self.conv(x)))
                    ~~~~~~~^^^^^^^^^^^^^^
  File "C:\Users\hp\AppData\Local\Programs\Python\Python313\Lib\site-packages\torch\nn\modules\module.py", line 1779, in _wrapped_call_impl
    return self._call_impl(*args, **kwargs)
           ~~~~~~~~~~~~~~~^^^^^^^^^^^^^^^^^
  File "C:\Users\hp\AppData\Local\Programs\Python\Python313\Lib\site-packages\torch\nn\modules\module.py", line 1790, in _call_impl
    return forward_call(*args, **kwargs)
  File "C:\Users\hp\AppData\Local\Programs\Python\Python313\Lib\site-packages\torch\nn\modules\batchnorm.py", line 174, in forward
    self.num_batches_tracked.add_(1)  # type: ignore[has-type]
    ~~~~~~~~~~~~~~~~~~~~~~~~~~~~~^^^
torch.AcceleratorError: CUDA error: out of memory
Search for `cudaErrorMemoryAllocation' in https://docs.nvidia.com/cuda/cuda-runtime-api/group__CUDART__TYPES.html for more information.
CUDA kernel errors might be asynchronously reported at some other API call, so the stacktrace below might be incorrect.
For debugging consider passing CUDA_LAUNCH_BLOCKING=1
Compile with `TORCH_USE_CUDA_DSA` to enable device-side assertions.

